QA output created by 342
wrote 16384/16384 bytes at offset 0
XXX Bytes, X ops; XX:XX:XX.X (XXX YYY/sec and XXX ops/sec)
wrote 16384/16384 bytes at offset 0
XXX Bytes, X ops; XX:XX:XX.X (XXX YYY/sec and XXX ops/sec)
File digests before log replay:
9e5d56a1f9b2c93589f9d55480f971a1  SCRATCH_MNT/a/foo
48c940ba3b8671d3d6ea74e4ccad8ca3  SCRATCH_MNT/a/bar
Directory a/ contents after log replay:
SCRATCH_MNT/a:
foo
File digests after log replay:
9e5d56a1f9b2c93589f9d55480f971a1  SCRATCH_MNT/a/foo
