QA output created by 382
=== user quota test ===
user blocks and inode limit
fsgqa 0 40960 40960 00 [--------] 0 40 40 00 [--------]

wrote 31457280/31457280 bytes at offset 0
XXX Bytes, X ops; XX:XX:XX.X (XXX YYY/sec and XXX ops/sec)
user blocks quota after write 30M data
fsgqa 30752 40960 40960 00 [--------]

user inode quota after creating 30 inodes
fsgqa 30 40 40 00 [--------]

=== group quota test ===
group blocks and inode limit
fsgqa 0 40960 40960 00 [--------] 0 40 40 00 [--------]

wrote 31457280/31457280 bytes at offset 0
XXX Bytes, X ops; XX:XX:XX.X (XXX YYY/sec and XXX ops/sec)
group blocks quota after write 30M data
fsgqa 30752 40960 40960 00 [--------]

group inode quota after creating 30 inodes
fsgqa 30 40 40 00 [--------]

