QA output created by 392
==== i_size 1024 test with fsync ====
==== i_size 4096 test with fsync ====
==== i_time test with fsync ====
==== fpunch 1024 test with fsync ====
==== fpunch 4096 test with fsync ====
==== falloc 1024 test with fsync ====
==== falloc 4096 test with fsync ====
==== falloc 104857600 test with fsync ====
==== i_size 1024 test with fdatasync ====
==== i_size 4096 test with fdatasync ====
==== i_time test with fdatasync ====
==== fpunch 1024 test with fdatasync ====
==== fpunch 4096 test with fdatasync ====
==== falloc 1024 test with fdatasync ====
==== falloc 4096 test with fdatasync ====
==== falloc 104857600 test with fdatasync ====
