QA output created by 002
godown
unmount
godown
unmount
