QA output created by 099
godown
unmount
godown
unmount
